// Vitest Snapshot v1, https://vitest.dev/guide/snapshot.html

exports[`settingsView > should render 1`] = `
"<main class="mt-3">
  <div data-v-511ff0d3="" class="osim-content container">
    <h1 data-v-511ff0d3="" class="mb-3">Settings</h1>
    <div data-v-511ff0d3="" class="alert alert-info" role="alert"> These values are saved in browser local storage, and should persist across tabs and browser sessions. Ensure that security best practices are followed. </div>
    <!--@submit.prevent="settingsStore.save(settings)"-->
    <form data-v-511ff0d3="" class="osim-settings">
      <!-- <LabelInput
        v-model="bugzillaApiKey"
        label="Bugzilla API Key"
        :error="errors.bugzillaApiKey"
      /> -->
      <div data-v-511ff0d3="" class="form-control mb-3"><label data-v-511ff0d3="" class="form-check"><input data-v-511ff0d3="" class="form-check-input" type="radio" name="revealSensitive" value="password"><span data-v-511ff0d3="" class="form-check-label">Hide Password Values</span></label><label data-v-511ff0d3="" class="form-check"><input data-v-511ff0d3="" class="form-check-input" type="radio" name="revealSensitive" value="text"><span data-v-511ff0d3="" class="form-check-label">Reveal Password Values</span></label></div>
      <div data-v-511ff0d3="" class="form-control mb-3"><label data-v-511ff0d3="" class="d-block"><span data-v-511ff0d3="" class="form-label">Bugzilla API Key</span><input data-v-511ff0d3="" class="form-control is-invalid" type="password" placeholder="[none saved]"><span data-v-511ff0d3="" class="invalid-feedback d-block"> Please provide a Bugzilla key. </span></label>
        <div data-v-511ff0d3="" class="form-text">
          <p data-v-511ff0d3="">Required for actions which interface with Bugzilla.</p>
          <details data-v-511ff0d3="">
            <summary data-v-511ff0d3="">Steps to create an API key:</summary>
            <ul data-v-511ff0d3="">
              <li data-v-511ff0d3="">Visit your Bugzilla user preferences page</li>
              <li data-v-511ff0d3="">Click the API Keys tab</li>
              <li data-v-511ff0d3="">Check the "Generate a new API key" box</li>
              <li data-v-511ff0d3="">Click the "Submit Changes" button</li>
              <li data-v-511ff0d3=""> Copy the API key from the banner at the top of the page. Optionally, save it to your password manager. The API key will not be shown again after you navigate away from the page. </li>
            </ul>
          </details>
        </div>
      </div>
      <div data-v-511ff0d3="" class="form-control mb-3"><label data-v-511ff0d3="" class="d-block"><span data-v-511ff0d3="" class="form-label">JIRA API Key</span><input data-v-511ff0d3="" class="form-control is-invalid" type="password" placeholder="[none saved]"><span data-v-511ff0d3="" class="invalid-feedback d-block"> Please provide a Jira key. </span></label>
        <div data-v-511ff0d3="" class="form-text">
          <p data-v-511ff0d3="">Required for actions which interface with JIRA.</p>
          <details data-v-511ff0d3="">
            <summary data-v-511ff0d3="">Steps to create an API key:</summary>
            <ul data-v-511ff0d3="">
              <li data-v-511ff0d3="">Log into your JIRA account.</li>
              <li data-v-511ff0d3=""> Go to 'Your Profile' page under your user icon menu in the upper right corner. </li>
              <li data-v-511ff0d3="">Select Personal Access Tokens from the left hand sidebar menu.</li>
              <li data-v-511ff0d3="">Click Create token button.</li>
              <li data-v-511ff0d3="">Name the token meaningfully (eg. 'OSIM token') and click create.</li>
              <li data-v-511ff0d3="">Copy token value and close.</li>
            </ul>
          </details>
        </div>
      </div>
    </form>
  </div>
</main>"
`;
