// Vitest Snapshot v1, https://vitest.dev/guide/snapshot.html

exports[`aegisMitigationActions > renders correctly 1`] = `
"<div data-v-e049df0b="" data-v-1b6ef09d="" class="d-flex align-items-center"><i data-v-e049df0b="" class="bi-stars label-icon" title="Suggest Mitigation via AEGIS-AI"></i>
  <!--v-if-->
  <!--v-if-->
</div>"
`;
