// Vitest Snapshot v1, https://vitest.dev/guide/snapshot.html

exports[`app > renders the App component when OSIDB is NOT READY 1`] = `"<div class="osim-backend-error">OSIDB is not ready</div>"`;

exports[`app > renders the App component when OSIDB is READY 1`] = `
"<session-warning-banner-stub></session-warning-banner-stub>
<header>
  <navbar-stub></navbar-stub>
</header>
<div class="osim-content-layered">
  <toast-container-stub></toast-container-stub>
  <router-view-stub class="osim-page-view"></router-view-stub>
</div>
<footer class="fixed-bottom osim-status-bar">
  <!--TODO add active request count-->
  <!--<div>[ Requests: {{ activeRequestCount }} ]</div>-->
  <change-log-stub></change-log-stub>
  <div> [ OSIM | env: test | <span title="1"> tag: 1.0.0</span> | ts : 2024-08-29 () ] </div>
  <div> [ OSIDB | env: test | <span title="1">ver: 1.0.0</span> ] </div>
  <div class="osim-status-osidb-err"> [err: OSIDB is not ready] </div>
</footer>"
`;
