// Vitest Snapshot v1, https://vitest.dev/guide/snapshot.html

exports[`changelog > should render 1`] = `
"<div data-v-86512784="" class="osim-changelog" attrs="$attrs"><a data-v-86512784="" href="#" class="m-0 p-0"><span data-v-86512784="" class="badge bg-success rounded-pill">🪵 OSIM CHANGELOG 🪵</span></a>
  <transition-stub data-v-a347fd2c="" name="modal" appear="false" persisted="false" css="true">
    <!--v-if-->
  </transition-stub>
  <transition-stub data-v-a347fd2c="" name="modal-bg" appear="false" persisted="false" css="true">
    <!--v-if-->
  </transition-stub>
</div>"
`;
