// Vitest Snapshot v1, https://vitest.dev/guide/snapshot.html

exports[`flawComments > correctly display private comments 1`] = `
"<section data-v-0b679fcf="" class="osim-comments">
  <h4 data-v-0b679fcf="">Comments</h4>
  <div data-v-0b679fcf="" class="d-flex mb-4 sticky-top p-3 ps-0 border-bottom align-items-center" style="background-color: white;">
    <div class="d-flex gap-2"><button type="button" class="btn btn-secondary"> Add Public Comment </button><button type="button" class="btn btn-secondary"> Add Private Comment </button><button type="button" class="btn btn-secondary" disabled=""> Add Internal Comment </button><a href="sampleBzLink" target="_blank" class="btn tab-btn border border-secondary"> View in Bugzilla </a>
      <!--v-if-->
    </div>
    <div class="form-check form-switch ms-auto" style="font-size: 18px;"><input id="singleViewSwitch" class="form-check-input" type="checkbox"><label class="form-check-label" for="singleViewSwitch" style="user-select: none;">Unified view</label></div>
  </div>
  <!--v-if-->
  <!--v-if-->
  <div data-v-8b945130="" data-v-0b679fcf="">
    <ul data-v-8b945130="" class="nav nav-tabs">
      <li data-v-8b945130="" title="Bugzilla Public - These comments are visible to everyone." class="nav-item"><button data-v-8b945130="" type="button" class="nav-link">Public Comments</button></li>
      <li data-v-8b945130="" title="Bugzilla Private - These comments are visible to Red Hat associates." class="nav-item"><button data-v-8b945130="" type="button" class="nav-link active">Private Comments</button></li>
      <li data-v-8b945130="" title="Internal comments not available" class="nav-item"><button data-v-8b945130="" type="button" class="nav-link" disabled="">Internal Comments</button></li>
      <li data-v-8b945130="" title="Bugzilla System - These are auto-generated private comments." class="nav-item"><button data-v-8b945130="" type="button" class="nav-link">System Comments</button></li>
    </ul>
    <div data-v-0b679fcf="" class="tab-content">
      <div data-v-0b679fcf="" class="info-message ms-3 mb-4">
        <!--v-if-->
      </div>
      <ul data-v-0b679fcf="" class="comments list-unstyled">
        <li class="p-4 mt-3 rounded-2">
          <div class="d-flex border-bottom pb-3 align-items-center"><i class="bi bi-caret-right-fill me-2"></i><span>noonerelevant</span> - 2021-07-29 03:50 PM UTC <span class="badge rounded-pill float-end ms-auto" style="font-size: 14px; cursor: help; user-select: none;" title=""></span></div>
          <!--eslint-disable-next-line vue/no-v-html -->
          <p class="osim-flaw-comment">First private comment</p>
        </li>
        <li class="p-4 mt-3 rounded-2">
          <div class="d-flex border-bottom pb-3 align-items-center"><i class="bi bi-caret-right-fill me-2"></i><span>onelessrelevant</span> - 2023-09-20 03:50 PM UTC <span class="badge rounded-pill float-end ms-auto" style="font-size: 14px; cursor: help; user-select: none;" title=""></span></div>
          <!--eslint-disable-next-line vue/no-v-html -->
          <p class="osim-flaw-comment">Second private comment</p>
        </li>
      </ul>
    </div>
  </div>
</section>"
`;
